// Jest Snapshot v1, https://goo.gl/fbAQLP

exports[`initial render 1`] = `
<div>
  <div
    class="MuiGrid-container MuiGrid-spacing-xs-16 MuiGrid-wrap-xs-nowrap Board-grid-1"
  >
    <div
      class="MuiGrid-item Board-cardListContainer-2"
    >
      CardsList
    </div>
    <div
      class="MuiGrid-item Board-cardListContainer-2"
    >
      CardsList
    </div>
  </div>
  EditCard
</div>
`;
