// Jest Snapshot v1, https://goo.gl/fbAQLP

exports[`board initial render 1`] = `
<WithStyles(GridWrapper)
  className="BoardComponent-grid-1"
  container={true}
  spacing={16}
  wrap="nowrap"
>
  <WithStyles(GridWrapper)
    className="BoardComponent-cardListContainer-2"
    item={true}
    key="Repellat quisquam recusandae alias consequuntur corporis."
  >
    <WithStyles(CardsListComponent)
      cards={
        Array [
          "Ratione ut sunt qui amet iure ut libero qui recusandae.",
          "Nulla quam ipsam nobis cupiditate sed dignissimos.",
        ]
      }
      name="Repellat quisquam recusandae alias consequuntur corporis."
    />
  </WithStyles(GridWrapper)>
  <WithStyles(GridWrapper)
    className="BoardComponent-cardListContainer-2"
    item={true}
    key="Incidunt accusantium sed libero repudiandae esse blanditiis natus et eos."
  >
    <WithStyles(CardsListComponent)
      cards={
        Array [
          "Velit omnis et porro ut et ipsam explicabo eligendi occaecati.",
          "Et saepe eum dicta eum eaque enim ipsum inventore debitis.",
        ]
      }
      name="Incidunt accusantium sed libero repudiandae esse blanditiis natus et eos."
    />
  </WithStyles(GridWrapper)>
</WithStyles(GridWrapper)>
`;

exports[`cards list card initial render 1`] = `
<WithStyles(Paper)
  className="CardsListCardComponent-container-7"
  component="li"
  elevation={1}
>
  <WithStyles(ListItem)
    button={true}
    className="CardsListCardComponent-card-8"
  >
    <WithStyles(ListItemText)
      className="CardsListCardComponent-text-9"
    >
      Card list card text
    </WithStyles(ListItemText)>
    <a
      className="CardsListCardComponent-edit-10"
    >
      <pure(Create)
        className="CardsListCardComponent-editIcon-11"
      />
    </a>
  </WithStyles(ListItem)>
</WithStyles(Paper)>
`;

exports[`cards list initial render 1`] = `
<WithStyles(Paper)
  className="CardsListComponent-container-3"
  elevation={1}
>
  <h4
    className="CardsListComponent-name-5"
  >
    Repellat quisquam recusandae alias consequuntur corporis.
  </h4>
  <WithStyles(List)
    className="CardsListComponent-list-4"
    data-testid="cards-list"
  >
    <WithStyles(CardsListCardComponent)
      key="0"
      text="Ratione ut sunt qui amet iure ut libero qui recusandae."
    />
    <WithStyles(CardsListCardComponent)
      key="1"
      text="Nulla quam ipsam nobis cupiditate sed dignissimos."
    />
  </WithStyles(List)>
  <WithStyles(Button)
    className="CardsListComponent-addCard-6"
    onClick={[Function]}
  >
    Add a card...
  </WithStyles(Button)>
</WithStyles(Paper)>
`;
