// Jest Snapshot v1, https://goo.gl/fbAQLP

exports[`initial render 1`] = `
<div>
  <div
    class="MuiPaper-root-5 MuiPaper-elevation1-8 MuiPaper-rounded-6 View-container-1"
  >
    <h4
      class="View-title-2"
    >
      List title
    </h4>
    <ul
      class="MuiList-root-32 MuiList-padding-33 View-cardsList-3"
      data-testid="cards-list"
    >
      CardsListCard
      CardsListCard
    </ul>
    <button
      class="MuiButtonBase-root-51 MuiButton-root-36 View-addCard-4"
      tabindex="0"
      type="button"
    >
      <span
        class="MuiButton-label-37"
      >
        Add a card...
      </span>
      <span
        class="MuiTouchRipple-root-54"
      />
    </button>
  </div>
</div>
`;
