// Jest Snapshot v1, https://goo.gl/fbAQLP

exports[`initial render 1`] = `
<div>
  <div
    class="MuiPaper-root MuiPaper-elevation1 MuiPaper-rounded View-container-1"
  >
    <p
      class="MuiTypography-root MuiTypography-body1 View-title-2"
    >
      List title
    </p>
    <ul
      class="MuiList-root MuiList-padding View-cardsList-3"
    >
      <div
        data-testid="cards-list"
      >
        CardsListCard
        CardsListCard
      </div>
      <div
        style="float: left; clear: both;"
      />
    </ul>
    <button
      class="MuiButtonBase-root MuiButton-root View-addCard-4"
      tabindex="0"
      type="button"
    >
      <span
        class="MuiButton-label"
      >
        Add a card...
      </span>
      <span
        class="MuiTouchRipple-root"
      />
    </button>
  </div>
</div>
`;
