// Jest Snapshot v1, https://goo.gl/fbAQLP

exports[`initial render 1`] = `
<div>
  <li
    class="MuiPaper-root MuiPaper-elevation1 MuiPaper-rounded View-container-1"
  >
    <div
      class="MuiButtonBase-root MuiListItem-root MuiListItem-default MuiListItem-gutters MuiListItem-button View-card-2"
      role="button"
      tabindex="0"
    >
      <p
        aria-label="card title"
        class="MuiTypography-root MuiTypography-body1"
      >
        Card list card text
      </p>
      <div
        id="edit-card-label"
        style="display: none;"
      >
        Edit card
      </div>
      <button
        aria-labelledby="edit-card-label"
        class="View-edit-3"
      >
        <svg
          aria-hidden="true"
          class="MuiSvgIcon-root View-editIcon-4"
          focusable="false"
          viewBox="0 0 24 24"
        >
          <g>
            <path
              d="M3 17.25V21h3.75L17.81 9.94l-3.75-3.75L3 17.25zM20.71 7.04c.39-.39.39-1.02 0-1.41l-2.34-2.34c-.39-.39-1.02-.39-1.41 0l-1.83 1.83 3.75 3.75 1.83-1.83z"
            />
          </g>
        </svg>
      </button>
      <span
        class="MuiTouchRipple-root"
      />
    </div>
  </li>
</div>
`;
